[backblue.gif]
[fade.gif]
[index.html]
[maquetapremium.debluebyte.com/assets/images/favicon-32x32.png]
[maquetapremium.debluebyte.com/assets/images/favicon-16x16.png]
[cdn.datatables.net/1.10.19/css/dataTables.semanticui.min.css]
[cdn.datatables.net/responsive/2.2.3/css/responsive.semanticui.min.css]
[cdn.jsdelivr.net/npm/semantic-ui@2.4.2/dist/semantic.min.css]
[maquetapremium.debluebyte.com/assets/images/campana.png]
[kit.fontawesome.com/c43c022dac.js]
[maquetapremium.debluebyte.com/assets/images/config.png]
[maquetapremium.debluebyte.com/assets/images/faqs.png]
[maquetapremium.debluebyte.com/assets/images/logout.png]
[maquetapremium.debluebyte.com/assets/images/first-menu.png]
[maquetapremium.debluebyte.com/assets/images/five-menu.png]
[maquetapremium.debluebyte.com/assets/images/second-menu.png]
[maquetapremium.debluebyte.com/assets/images/four-menu.png]
[maquetapremium.debluebyte.com/assets/images/six-menu.png]
[maquetapremium.debluebyte.com/assets/images/consumo-instante.png]
[maquetapremium.debluebyte.com/assets/images/consumo-total.png]
[maquetapremium.debluebyte.com/assets/images/proyeccion.png]
[maquetapremium.debluebyte.com/assets/images/consumo-mes.png]
[maquetapremium.debluebyte.com/assets/images/chart.png]
[maquetapremium.debluebyte.com/assets/images/pie-logo-home.png]
[maquetapremium.debluebyte.com/assets/images/pie-linea-horizontal.png]
[maquetapremium.debluebyte.com/assets/images/pie-logo-power.png]
[maquetapremium.debluebyte.com/assets/js/jquery-3.2.1.min.js]
[maquetapremium.debluebyte.com/assets/js/semantic.min.js]
[maquetapremium.debluebyte.com/assets/js/calendar.min.js]
[maquetapremium.debluebyte.com/assets/js/slick.min.js]
[maquetapremium.debluebyte.com/assets/js/form.min.js]
[maquetapremium.debluebyte.com/assets/js/app.min.js]
[maquetapremium.debluebyte.com/assets/js/gauge.min.js]
[www.amcharts.com/lib/3/serial.js]
[www.amcharts.com/lib/3/amcharts.js]
[www.amcharts.com/lib/3/pie.js]
[cdn.datatables.net/1.10.19/js/dataTables.semanticui.min.js]
[cdn.datatables.net/responsive/2.2.3/js/dataTables.responsive.min.js]
[cdn.datatables.net/1.10.19/js/jquery.dataTables.min.js]
[cdn.datatables.net/responsive/2.2.3/js/responsive.semanticui.min.js]
[maquetapremium.debluebyte.com/assets/js/main.js]
[maquetapremium.debluebyte.com/index.html]
[maquetapremium.debluebyte.com/assets/css/themes/default/assets/images/flags.png]
[maquetapremium.debluebyte.com/assets/css/themes/default/assets/fonts/icons.eot]
[maquetapremium.debluebyte.com/assets/css/themes/default/assets/fonts/icons.woff]
[cdn.socket.io/socket.io-1.4.5.js]
[maquetapremium.debluebyte.com/assets/css/themes/default/assets/fonts/iconsd41d.eot]
[maquetapremium.debluebyte.com/assets/css/themes/default/assets/fonts/icons.ttf]
[maquetapremium.debluebyte.com/assets/css/themes/default/assets/fonts/outline-icons.eot]
[maquetapremium.debluebyte.com/assets/css/themes/default/assets/fonts/outline-iconsd41d.eot]
[maquetapremium.debluebyte.com/assets/css/themes/default/assets/fonts/outline-icons.woff]
[maquetapremium.debluebyte.com/assets/css/themes/default/assets/fonts/outline-icons.ttf]
[maquetapremium.debluebyte.com/assets/css/themes/default/assets/fonts/brand-icons.eot]
[maquetapremium.debluebyte.com/assets/css/themes/default/assets/fonts/brand-icons.woff]
[maquetapremium.debluebyte.com/assets/css/themes/default/assets/fonts/brand-icons.ttf]
[maquetapremium.debluebyte.com/assets/css/themes/default/assets/fonts/brand-iconsd41d.eot]
[maquetapremium.debluebyte.com/assets/css/screen.css]
[maquetapremium.debluebyte.com/assets/css/_calendar.html]
[maquetapremium.debluebyte.com/assets/images/footer-bg.jpg]
[maquetapremium.debluebyte.com/assets/images/power-logo.png]
[maquetapremium.debluebyte.com/assets/css/min/style.min.css]
[cdn.datatables.net/1.10.19/css/dataTables.semanticui.min.css]
[cdn.datatables.net/responsive/2.2.3/css/responsive.semanticui.min.css]
[cdn.jsdelivr.net/npm/semantic-ui@2.4.2/dist/themes/default/assets/images/flags.png]
[cdn.jsdelivr.net/npm/semantic-ui@2.4.2/dist/themes/default/assets/fonts/icons.woff2]
[cdn.jsdelivr.net/npm/semantic-ui@2.4.2/dist/themes/default/assets/fonts/icons.eot]
[cdn.jsdelivr.net/npm/semantic-ui@2.4.2/dist/themes/default/assets/fonts/iconsd41d.eot]
[cdn.jsdelivr.net/npm/semantic-ui@2.4.2/dist/themes/default/assets/fonts/icons.woff]
[cdn.jsdelivr.net/npm/semantic-ui@2.4.2/dist/themes/default/assets/fonts/icons.ttf]
[cdn.jsdelivr.net/npm/semantic-ui@2.4.2/dist/themes/default/assets/fonts/icons.svg]
[cdn.jsdelivr.net/npm/semantic-ui@2.4.2/dist/themes/default/assets/fonts/outline-icons.eot]
[cdn.jsdelivr.net/npm/semantic-ui@2.4.2/dist/themes/default/assets/fonts/outline-iconsd41d.eot]
[cdn.jsdelivr.net/npm/semantic-ui@2.4.2/dist/themes/default/assets/fonts/outline-icons.woff2]
[cdn.jsdelivr.net/npm/semantic-ui@2.4.2/dist/themes/default/assets/fonts/outline-icons.woff]
[cdn.jsdelivr.net/npm/semantic-ui@2.4.2/dist/themes/default/assets/fonts/outline-icons.ttf]
[cdn.jsdelivr.net/npm/semantic-ui@2.4.2/dist/themes/default/assets/fonts/outline-icons.svg]
[cdn.jsdelivr.net/npm/semantic-ui@2.4.2/dist/themes/default/assets/fonts/brand-icons.eot]
[cdn.jsdelivr.net/npm/semantic-ui@2.4.2/dist/themes/default/assets/fonts/brand-iconsd41d.eot]
[cdn.jsdelivr.net/npm/semantic-ui@2.4.2/dist/themes/default/assets/fonts/brand-icons.woff2]
[cdn.jsdelivr.net/npm/semantic-ui@2.4.2/dist/themes/default/assets/fonts/brand-icons.woff]
[cdn.jsdelivr.net/npm/semantic-ui@2.4.2/dist/themes/default/assets/fonts/brand-icons.ttf]
[cdn.jsdelivr.net/npm/semantic-ui@2.4.2/dist/semantic.min.css]
[maquetapremium.debluebyte.com/configuracion.html]
[maquetapremium.debluebyte.com/soporte.html]
[maquetapremium.debluebyte.com/index-2.html]
[maquetapremium.debluebyte.com/mapa.html]
[maquetapremium.debluebyte.com/assets/images/planta.png]
[maquetapremium.debluebyte.com/planta.html]
[maquetapremium.debluebyte.com/facturacion.html]
[maquetapremium.debluebyte.com/assets/images/edit-pencil.png]
[maquetapremium.debluebyte.com/instantaneos.html]
[maquetapremium.debluebyte.com/historicos.html]
[cdn.jsdelivr.net/npm/semantic-ui@2.4.2/dist/themes/default/assets/fonts/brand-icons.svg]
[www.amcharts.com/lib/4/themes/animated.js]
[www.amcharts.com/lib/4/charts.js]
[www.amcharts.com/lib/4/plugins/timeline.js]
[www.amcharts.com/lib/4/plugins/bullets.js]
[maquetapremium.debluebyte.com/calidad.html]
[maquetapremium.debluebyte.com/stand-by.html]
[maquetapremium.debluebyte.com/eventos.html]
[www.amcharts.com/lib/3/amcharts.js]
[www.amcharts.com/lib/3/serial.js]
[www.amcharts.com/lib/3/pie.js]
[maquetapremium.debluebyte.com/static/vendor/assets/js/calendar.min.html]
[maquetapremium.debluebyte.com/assets/css/themes/default/assets/fonts/icons.html]
[maquetapremium.debluebyte.com/assets/css/themes/default/assets/fonts/icons.svg]
[maquetapremium.debluebyte.com/assets/css/themes/default/assets/fonts/outline-icons.html]
[maquetapremium.debluebyte.com/assets/css/themes/default/assets/fonts/outline-icons.svg]
[maquetapremium.debluebyte.com/assets/css/themes/default/assets/fonts/brand-icons.html]
[maquetapremium.debluebyte.com/assets/css/themes/default/assets/fonts/brand-icons.svg]
[maquetapremium.debluebyte.com/assets/css/fonts/icons/hinted-Rodina-Bold.html]
[www.amcharts.com/lib/4/core.js]
[cdn.jsdelivr.net/npm/semantic-ui@2.4.2/dist/themes/default/assets/fonts/icons.svg]
[cdn.jsdelivr.net/npm/semantic-ui@2.4.2/dist/themes/default/assets/fonts/outline-icons.svg]
[cdn.jsdelivr.net/npm/semantic-ui@2.4.2/dist/themes/default/assets/fonts/brand-icons.svg]
[maquetapremium.debluebyte.com/assets/images/hoverUp.png]
[maquetapremium.debluebyte.com/assets/images/pencil.png]
[maquetapremium.debluebyte.com/assets/images/trash.png]
[maquetapremium.debluebyte.com/lista03c2.html]
[maquetapremium.debluebyte.com/lista.html]
[maquetapremium.debluebyte.com/lista0393.html]
[www.amcharts.com/lib/4/core.js]
[www.amcharts.com/lib/4/charts.js]
[www.amcharts.com/lib/4/themes/animated.js]
[www.amcharts.com/lib/4/plugins/timeline.js]
[www.amcharts.com/lib/4/plugins/bullets.js]
[maquetapremium.debluebyte.com/image1.html]
[maquetapremium.debluebyte.com/image2.html]
[maquetapremium.debluebyte.com/amcharts/index.html]
[maquetapremium.debluebyte.com/Nv8/index.html]
[maquetapremium.debluebyte.com/YRD/index.html]
[maquetapremium.debluebyte.com/DA7/index.html]
[maquetapremium.debluebyte.com/o3G/index.html]
[maquetapremium.debluebyte.com/ND2/index.html]
[maquetapremium.debluebyte.com/GET.html]
[maquetapremium.debluebyte.com/3XS/index.html]
[maquetapremium.debluebyte.com/LV/index.html]
[maquetapremium.debluebyte.com/kZk/index.html]
[maquetapremium.debluebyte.com/8Cf/index.html]
[maquetapremium.debluebyte.com/0KD/index.html]
[maquetapremium.debluebyte.com/+Z4/index.html]
